[2026-07-16 18:22:06] System booted. Version: 0.3.3, Windows: Windows 10.0 (build 26200), Arch: x64
[2026-07-16 18:22:20] User 'roman' logged in.
[2026-07-16 18:22:42] User 'roman' checked whoiam.
[2026-07-16 18:28:23] System booted. Version: 0.3.3, Windows: Windows 10.0 (build 26200), Arch: x64
[2026-07-16 18:28:38] User 'roman' logged in.
[2026-07-16 18:31:48] System booted. Version: 0.3.3, Windows: Windows 10.0 (build 26200), Arch: x64
[2026-07-16 18:31:56] User '' logged in.
[2026-07-16 18:45:02] System booted. Version: 0.3.3, Windows: Windows 10.0 (build 26200), Arch: x64
[2026-07-16 18:45:17] User '' logged in.
[2026-07-16 19:04:50] System booted. Version: 0.3.3, Windows: Windows 10.0 (build 26200), Arch: x64
[2026-07-16 19:04:50] User 'roman' logged in.
[2026-07-16 19:04:50] Startup config executed from C:\Users\User\OneDrive\Desktop\distributor\jojo\src\jojo\var\config.txt.
[2026-07-31 15:17:58] System booted. Version: 0.3.3, Windows: Windows 10.0 (build 26200), Arch: x64
[2026-07-31 15:17:58] User 'roman' logged in.
[2026-07-31 15:17:58] Startup config executed from C:\Users\User\OneDrive\Desktop\distributor\jojo\src\jojo\var\config.txt.
[2026-07-31 15:18:35] System booted. Version: 0.3.3, Windows: Windows 10.0 (build 26200), Arch: x64
[2026-07-31 15:18:35] User 'roman' logged in.
[2026-07-31 15:18:35] Startup config executed from C:\Users\User\OneDrive\Desktop\distributor\jojo\src\jojo\var\config.txt.
[2026-07-31 15:49:32] System booted. Version: 0.3.3, Windows: Windows 10.0 (build 26200), Arch: x64
[2026-07-31 15:49:32] User 'roman' logged in.
[2026-07-31 15:49:32] Startup config executed from C:\Users\User\OneDrive\Desktop\distributor\jojo\src\jojo\var\config.txt.
[2026-07-31 15:51:35] File 'config.txt' opened in nano.
